[     812ms] [LOG] %cINFO%c /Users/hynding/.cargo/registry/src/index.crates.io-1949cf8c6b5b557f/bevy_winit-0.17.3/src/system.rs:69%c Creating new window Breakneck Baseball (0v0) color: whitesmoke; background: #444 color: gray; font-style: italic color: inherit @ http://localhost:8124/out/breakneck-baseball.js:981
[     830ms] [LOG] %cINFO%c /Users/hynding/.cargo/registry/src/index.crates.io-1949cf8c6b5b557f/bevy_render-0.17.3/src/renderer/mod.rs:272%c AdapterInfo { name: "ANGLE (Apple, ANGLE Metal Renderer: Apple M4 Max, Unspecified Version)", vendor: 4203, device: 0, device_type: IntegratedGpu, driver: "", driver_info: "WebGL 2.0 (OpenGL ES 3.0 Chromium)", backend: Gl } color: whitesmoke; background: #444 color: gray; font-style: italic color: inherit @ http://localhost:8124/out/breakneck-baseball.js:981
[     882ms] [LOG] %cINFO%c /Users/hynding/.cargo/registry/src/index.crates.io-1949cf8c6b5b557f/bevy_render-0.17.3/src/batching/gpu_preprocessing.rs:1136%c GPU preprocessing is not supported on this device. Falling back to CPU preprocessing. color: whitesmoke; background: #444 color: gray; font-style: italic color: inherit @ http://localhost:8124/out/breakneck-baseball.js:981
[     883ms] [LOG] %cWARN%c /Users/hynding/.cargo/registry/src/index.crates.io-1949cf8c6b5b557f/bevy_core_pipeline-0.17.3/src/oit/resolve/mod.rs:71%c OrderIndependentTransparencyPlugin not loaded. GPU lacks support: DownlevelFlags::FRAGMENT_WRITABLE_STORAGE. color: orange; background: #444 color: gray; font-style: italic color: inherit @ http://localhost:8124/out/breakneck-baseball.js:981
[     886ms] [LOG] %cWARN%c /Users/hynding/.cargo/registry/src/index.crates.io-1949cf8c6b5b557f/bevy_pbr-0.17.3/src/ssao/mod.rs:70%c ScreenSpaceAmbientOcclusionPlugin not loaded. GPU lacks support: TextureFormat::R16Float does not support TextureUsages::STORAGE_BINDING. color: orange; background: #444 color: gray; font-style: italic color: inherit @ http://localhost:8124/out/breakneck-baseball.js:981
[     886ms] [LOG] %cINFO%c /Users/hynding/.cargo/registry/src/index.crates.io-1949cf8c6b5b557f/bevy_pbr-0.17.3/src/light_probe/generate.rs:130%c Disabling EnvironmentMapGenerationPlugin because compute is not supported on this platform. This is safe to ignore if you are not using EnvironmentMapGenerationPlugin. color: whitesmoke; background: #444 color: gray; font-style: italic color: inherit @ http://localhost:8124/out/breakneck-baseball.js:981
[     886ms] [LOG] %cWARN%c /Users/hynding/.cargo/registry/src/index.crates.io-1949cf8c6b5b557f/bevy_pbr-0.17.3/src/atmosphere/mod.rs:126%c AtmospherePlugin not loaded. GPU lacks support for compute shaders. color: orange; background: #444 color: gray; font-style: italic color: inherit @ http://localhost:8124/out/breakneck-baseball.js:981
[     893ms] [LOG] bb-state menu @ http://localhost:8124/out/breakneck-baseball.js:998
[    1051ms] [LOG] %cINFO%c /Users/hynding/.cargo/registry/src/index.crates.io-1949cf8c6b5b557f/bevy_post_process-0.17.3/src/dof/mod.rs:825%c Disabling depth of field on this platform because depth textures aren't supported correctly color: whitesmoke; background: #444 color: gray; font-style: italic color: inherit @ http://localhost:8124/out/breakneck-baseball.js:981
[    8442ms] [LOG] %cWARN%c %c warning[B0004]: Entity 49v0 with the GlobalTransform component has a parent (48v0) without GlobalTransform.
This will cause inconsistent behaviors! See: https://bevy.org/learn/errors/b0004 log.target = "bevy_ecs::hierarchy";
log.module_path = "bevy_ecs::hierarchy";
log.file = "/Users/hynding/.cargo/registry/src/index.crates.io-1949cf8c6b5b557f/bevy_ecs-0.17.3/src/hierarchy.rs";
log.line = 463; color: orange; background: #444 color: gray; font-style: italic color: inherit @ http://localhost:8124/out/breakneck-baseball.js:981
[    8442ms] [LOG] %cWARN%c %c warning[B0004]: Entity 50v0 with the GlobalTransform component has a parent (48v0) without GlobalTransform.
This will cause inconsistent behaviors! See: https://bevy.org/learn/errors/b0004 log.target = "bevy_ecs::hierarchy";
log.module_path = "bevy_ecs::hierarchy";
log.file = "/Users/hynding/.cargo/registry/src/index.crates.io-1949cf8c6b5b557f/bevy_ecs-0.17.3/src/hierarchy.rs";
log.line = 463; color: orange; background: #444 color: gray; font-style: italic color: inherit @ http://localhost:8124/out/breakneck-baseball.js:981
[    8442ms] [LOG] %cWARN%c %c warning[B0004]: Entity 51v0 with the GlobalTransform component has a parent (48v0) without GlobalTransform.
This will cause inconsistent behaviors! See: https://bevy.org/learn/errors/b0004 log.target = "bevy_ecs::hierarchy";
log.module_path = "bevy_ecs::hierarchy";
log.file = "/Users/hynding/.cargo/registry/src/index.crates.io-1949cf8c6b5b557f/bevy_ecs-0.17.3/src/hierarchy.rs";
log.line = 463; color: orange; background: #444 color: gray; font-style: italic color: inherit @ http://localhost:8124/out/breakneck-baseball.js:981
[    8449ms] [LOG] bb-state playing @ http://localhost:8124/out/breakneck-baseball.js:998
[  172409ms] [LOG] %cINFO%c /Users/hynding/.cargo/registry/src/index.crates.io-1949cf8c6b5b557f/bevy_winit-0.17.3/src/system.rs:69%c Creating new window Breakneck Baseball (0v0) color: whitesmoke; background: #444 color: gray; font-style: italic color: inherit @ http://localhost:8124/out/breakneck-baseball.js:981
[  172417ms] [LOG] %cINFO%c /Users/hynding/.cargo/registry/src/index.crates.io-1949cf8c6b5b557f/bevy_render-0.17.3/src/renderer/mod.rs:272%c AdapterInfo { name: "ANGLE (Apple, ANGLE Metal Renderer: Apple M4 Max, Unspecified Version)", vendor: 4203, device: 0, device_type: IntegratedGpu, driver: "", driver_info: "WebGL 2.0 (OpenGL ES 3.0 Chromium)", backend: Gl } color: whitesmoke; background: #444 color: gray; font-style: italic color: inherit @ http://localhost:8124/out/breakneck-baseball.js:981
[  172441ms] [LOG] %cINFO%c /Users/hynding/.cargo/registry/src/index.crates.io-1949cf8c6b5b557f/bevy_render-0.17.3/src/batching/gpu_preprocessing.rs:1136%c GPU preprocessing is not supported on this device. Falling back to CPU preprocessing. color: whitesmoke; background: #444 color: gray; font-style: italic color: inherit @ http://localhost:8124/out/breakneck-baseball.js:981
[  172441ms] [LOG] %cWARN%c /Users/hynding/.cargo/registry/src/index.crates.io-1949cf8c6b5b557f/bevy_core_pipeline-0.17.3/src/oit/resolve/mod.rs:71%c OrderIndependentTransparencyPlugin not loaded. GPU lacks support: DownlevelFlags::FRAGMENT_WRITABLE_STORAGE. color: orange; background: #444 color: gray; font-style: italic color: inherit @ http://localhost:8124/out/breakneck-baseball.js:981
[  172442ms] [LOG] %cWARN%c /Users/hynding/.cargo/registry/src/index.crates.io-1949cf8c6b5b557f/bevy_pbr-0.17.3/src/ssao/mod.rs:70%c ScreenSpaceAmbientOcclusionPlugin not loaded. GPU lacks support: TextureFormat::R16Float does not support TextureUsages::STORAGE_BINDING. color: orange; background: #444 color: gray; font-style: italic color: inherit @ http://localhost:8124/out/breakneck-baseball.js:981
[  172442ms] [LOG] %cINFO%c /Users/hynding/.cargo/registry/src/index.crates.io-1949cf8c6b5b557f/bevy_pbr-0.17.3/src/light_probe/generate.rs:130%c Disabling EnvironmentMapGenerationPlugin because compute is not supported on this platform. This is safe to ignore if you are not using EnvironmentMapGenerationPlugin. color: whitesmoke; background: #444 color: gray; font-style: italic color: inherit @ http://localhost:8124/out/breakneck-baseball.js:981
[  172442ms] [LOG] %cWARN%c /Users/hynding/.cargo/registry/src/index.crates.io-1949cf8c6b5b557f/bevy_pbr-0.17.3/src/atmosphere/mod.rs:126%c AtmospherePlugin not loaded. GPU lacks support for compute shaders. color: orange; background: #444 color: gray; font-style: italic color: inherit @ http://localhost:8124/out/breakneck-baseball.js:981
[  172444ms] [LOG] bb-state menu @ http://localhost:8124/out/breakneck-baseball.js:998
[  172483ms] [LOG] %cINFO%c /Users/hynding/.cargo/registry/src/index.crates.io-1949cf8c6b5b557f/bevy_post_process-0.17.3/src/dof/mod.rs:825%c Disabling depth of field on this platform because depth textures aren't supported correctly color: whitesmoke; background: #444 color: gray; font-style: italic color: inherit @ http://localhost:8124/out/breakneck-baseball.js:981
[  180842ms] [LOG] %cWARN%c %c warning[B0004]: Entity 49v0 with the GlobalTransform component has a parent (48v0) without GlobalTransform.
This will cause inconsistent behaviors! See: https://bevy.org/learn/errors/b0004 log.target = "bevy_ecs::hierarchy";
log.module_path = "bevy_ecs::hierarchy";
log.file = "/Users/hynding/.cargo/registry/src/index.crates.io-1949cf8c6b5b557f/bevy_ecs-0.17.3/src/hierarchy.rs";
log.line = 463; color: orange; background: #444 color: gray; font-style: italic color: inherit @ http://localhost:8124/out/breakneck-baseball.js:981
[  180842ms] [LOG] %cWARN%c %c warning[B0004]: Entity 50v0 with the GlobalTransform component has a parent (48v0) without GlobalTransform.
This will cause inconsistent behaviors! See: https://bevy.org/learn/errors/b0004 log.target = "bevy_ecs::hierarchy";
log.module_path = "bevy_ecs::hierarchy";
log.file = "/Users/hynding/.cargo/registry/src/index.crates.io-1949cf8c6b5b557f/bevy_ecs-0.17.3/src/hierarchy.rs";
log.line = 463; color: orange; background: #444 color: gray; font-style: italic color: inherit @ http://localhost:8124/out/breakneck-baseball.js:981
[  180842ms] [LOG] %cWARN%c %c warning[B0004]: Entity 51v0 with the GlobalTransform component has a parent (48v0) without GlobalTransform.
This will cause inconsistent behaviors! See: https://bevy.org/learn/errors/b0004 log.target = "bevy_ecs::hierarchy";
log.module_path = "bevy_ecs::hierarchy";
log.file = "/Users/hynding/.cargo/registry/src/index.crates.io-1949cf8c6b5b557f/bevy_ecs-0.17.3/src/hierarchy.rs";
log.line = 463; color: orange; background: #444 color: gray; font-style: italic color: inherit @ http://localhost:8124/out/breakneck-baseball.js:981
[  180843ms] [LOG] bb-state playing @ http://localhost:8124/out/breakneck-baseball.js:998
[  215991ms] [LOG] bb-state playing @ http://localhost:8124/out/breakneck-baseball.js:998
[  216498ms] [LOG] bb-first-pitch @ http://localhost:8124/out/breakneck-baseball.js:998
